{"build_url": "https://buildkite.com/plaidml/nightly/builds/584#b64957ac-2851-442c-8593-7606fd2dba6f", "compare": true, "efficiency": 7.52833237628782, "errors": ["Missing reference duration"], "failures": [], "ratio": null, "reason": "ERROR: Missing reference duration", "status": "ERROR", "compile_duration": 10.071401357650757, "cur.execution_duration": 0.01713668368756771, "ref.execution_duration": null}