{"build_url": "https://buildkite.com/plaidml/plaidml-plaidml/builds/831#b14ebe41-d6ec-4530-89a4-b6cc38785ba6", "compare": true, "efficiency": null, "errors": ["Missing reference duration"], "failures": [], "ratio": null, "reason": "ERROR: Missing reference duration", "status": "ERROR", "compile_duration": 14.487959384918213, "cur.execution_duration": 0.17476423946209252, "ref.execution_duration": null}