{"build_url": "https://buildkite.com/plaidml/ci/builds/290#5665036e-911d-4163-8182-148e39bf7bb4", "compare": true, "efficiency": null, "errors": ["Missing reference duration"], "failures": [], "ratio": null, "reason": "ERROR: Missing reference duration", "status": "ERROR", "compile_duration": 7.316857814788818, "cur.execution_duration": 0.0093504439573735, "ref.execution_duration": null}