{"build_url": "https://buildkite.com/plaidml/plaidml-plaidml/builds/831#80721faa-2522-4214-a337-b08d55469e63", "compare": false, "efficiency": null, "errors": [], "failures": [], "ratio": null, "reason": "", "status": "PASS", "compile_duration": 0.6071174144744873, "cur.execution_duration": 0.00667262077331543, "ref.execution_duration": null}