{"build_url": "https://buildkite.com/plaidml/ci/builds/290#3e047c88-b4dd-4ad9-acc4-baf48e0173c9", "compare": true, "efficiency": null, "errors": ["Missing reference duration"], "failures": [], "ratio": null, "reason": "ERROR: Missing reference duration", "status": "ERROR", "compile_duration": 9.64080548286438, "cur.execution_duration": 0.010486765531823039, "ref.execution_duration": null}