{"build_url": "https://buildkite.com/plaidml/ci/builds/290#ef720723-570c-4181-b510-bd824ac0f590", "compare": true, "efficiency": null, "errors": ["Missing reference duration"], "failures": [], "ratio": null, "reason": "ERROR: Missing reference duration", "status": "ERROR", "compile_duration": 7.565696477890015, "cur.execution_duration": 0.038447470869868994, "ref.execution_duration": null}