{"build_url": "https://buildkite.com/plaidml/ci/builds/290#8909ce79-90a7-44c7-b011-29a220292d6a", "compare": true, "efficiency": null, "errors": [], "failures": ["'name'"], "ratio": null, "reason": "FAIL: 'name'", "status": "FAIL", "compile_duration": null, "cur.execution_duration": null, "ref.execution_duration": null}