{"build_url": "https://buildkite.com/plaidml/ci/builds/290#8af29c66-7b22-4eb0-856c-0b669534acd6", "compare": true, "efficiency": null, "errors": ["Missing reference duration"], "failures": [], "ratio": null, "reason": "ERROR: Missing reference duration", "status": "ERROR", "compile_duration": 5.132946252822876, "cur.execution_duration": 0.008925528498366475, "ref.execution_duration": null}